127.0.0.1 - - [10/Jan/2023:09:01:54 +0900] "GET / HTTP/1.1" 404 807
0:0:0:0:0:0:0:1 - - [10/Jan/2023:09:01:54 +0900] "GET /pro13/calc/calcForm.html HTTP/1.1" 304 -
0:0:0:0:0:0:0:1 - - [10/Jan/2023:09:01:54 +0900] "GET /favicon.ico HTTP/1.1" 404 818
0:0:0:0:0:0:0:1 - - [10/Jan/2023:09:02:12 +0900] "POST /pro13/calc/calc.jsp HTTP/1.1" 200 591
127.0.0.1 - - [10/Jan/2023:09:03:53 +0900] "GET / HTTP/1.1" 404 807
0:0:0:0:0:0:0:1 - - [10/Jan/2023:09:03:54 +0900] "GET /favicon.ico HTTP/1.1" 404 818
0:0:0:0:0:0:0:1 - - [10/Jan/2023:09:03:59 +0900] "POST /pro13/calc/calc.jsp HTTP/1.1" 200 591
127.0.0.1 - - [10/Jan/2023:09:05:32 +0900] "GET / HTTP/1.1" 404 807
0:0:0:0:0:0:0:1 - - [10/Jan/2023:09:05:36 +0900] "POST /pro13/calc/calc.jsp HTTP/1.1" 200 591
0:0:0:0:0:0:0:1 - - [10/Jan/2023:09:06:36 +0900] "POST /pro13/calc/calc.jsp HTTP/1.1" 200 591
127.0.0.1 - - [10/Jan/2023:09:06:47 +0900] "GET / HTTP/1.1" 404 807
0:0:0:0:0:0:0:1 - - [10/Jan/2023:09:06:48 +0900] "GET /favicon.ico HTTP/1.1" 404 818
0:0:0:0:0:0:0:1 - - [10/Jan/2023:09:06:51 +0900] "POST /pro13/calc/calc.jsp HTTP/1.1" 200 591
127.0.0.1 - - [10/Jan/2023:09:09:13 +0900] "GET / HTTP/1.1" 404 807
0:0:0:0:0:0:0:1 - - [10/Jan/2023:09:09:17 +0900] "POST /pro13/calc/calc.jsp HTTP/1.1" 500 3272
127.0.0.1 - - [10/Jan/2023:09:10:30 +0900] "GET / HTTP/1.1" 404 807
0:0:0:0:0:0:0:1 - - [10/Jan/2023:09:10:35 +0900] "POST /pro13/calc/calc.jsp HTTP/1.1" 500 3342
127.0.0.1 - - [10/Jan/2023:09:11:30 +0900] "GET / HTTP/1.1" 404 807
0:0:0:0:0:0:0:1 - - [10/Jan/2023:09:11:35 +0900] "POST /pro13/calc/calc.jsp HTTP/1.1" 500 3342
127.0.0.1 - - [10/Jan/2023:09:54:17 +0900] "GET / HTTP/1.1" 404 807
0:0:0:0:0:0:0:1 - - [10/Jan/2023:09:54:22 +0900] "POST /pro13/calc/calc.jsp HTTP/1.1" 500 3342
127.0.0.1 - - [10/Jan/2023:09:58:07 +0900] "GET / HTTP/1.1" 404 807
0:0:0:0:0:0:0:1 - - [10/Jan/2023:09:58:12 +0900] "POST /pro13/calc/calc.jsp HTTP/1.1" 500 3342
127.0.0.1 - - [10/Jan/2023:10:39:29 +0900] "GET / HTTP/1.1" 404 807
0:0:0:0:0:0:0:1 - - [10/Jan/2023:10:39:30 +0900] "GET /pro17/test01/listMembers.jsp HTTP/1.1" 200 687
0:0:0:0:0:0:0:1 - - [10/Jan/2023:10:42:18 +0900] "GET /pro17/mem.do HTTP/1.1" 200 687
127.0.0.1 - - [10/Jan/2023:10:47:37 +0900] "GET / HTTP/1.1" 404 807
127.0.0.1 - - [10/Jan/2023:10:47:37 +0900] "GET /pro17/test01/listMembers.jsp HTTP/1.1" 200 634
127.0.0.1 - - [10/Jan/2023:10:51:32 +0900] "GET / HTTP/1.1" 404 807
0:0:0:0:0:0:0:1 - - [10/Jan/2023:10:51:32 +0900] "GET /pro13/calc/calcForm.html HTTP/1.1" 304 -
0:0:0:0:0:0:0:1 - - [10/Jan/2023:10:51:37 +0900] "POST /pro13/calc/calc.jsp HTTP/1.1" 500 3342
0:0:0:0:0:0:0:1 - - [10/Jan/2023:10:52:25 +0900] "POST /pro13/calc/calc.jsp HTTP/1.1" 200 915
0:0:0:0:0:0:0:1 - - [10/Jan/2023:10:53:49 +0900] "POST /pro13/calc/calc.jsp HTTP/1.1" 200 1101
0:0:0:0:0:0:0:1 - - [10/Jan/2023:10:54:21 +0900] "POST /pro13/calc/calc.jsp HTTP/1.1" 200 1194
0:0:0:0:0:0:0:1 - - [10/Jan/2023:10:54:38 +0900] "POST /pro13/calc/calc.jsp HTTP/1.1" 200 522
0:0:0:0:0:0:0:1 - - [10/Jan/2023:10:54:47 +0900] "POST /pro13/calc/calc.jsp HTTP/1.1" 200 618
0:0:0:0:0:0:0:1 - - [10/Jan/2023:10:54:51 +0900] "POST /pro13/calc/calc.jsp HTTP/1.1" 200 715
0:0:0:0:0:0:0:1 - - [10/Jan/2023:10:54:56 +0900] "POST /pro13/calc/calc.jsp HTTP/1.1" 200 812
127.0.0.1 - - [10/Jan/2023:11:06:12 +0900] "GET / HTTP/1.1" 404 807
0:0:0:0:0:0:0:1 - - [10/Jan/2023:11:06:12 +0900] "GET /pro17/test01/listMembers.jsp HTTP/1.1" 200 634
127.0.0.1 - - [10/Jan/2023:11:07:50 +0900] "GET / HTTP/1.1" 404 807
0:0:0:0:0:0:0:1 - - [10/Jan/2023:11:07:50 +0900] "GET /pro17/test01/listMembers.jsp HTTP/1.1" 200 634
127.0.0.1 - - [10/Jan/2023:11:12:19 +0900] "GET / HTTP/1.1" 404 807
0:0:0:0:0:0:0:1 - - [10/Jan/2023:11:12:20 +0900] "GET /pro17/test01/listMembers.jsp HTTP/1.1" 200 634
127.0.0.1 - - [10/Jan/2023:11:13:44 +0900] "GET / HTTP/1.1" 404 807
0:0:0:0:0:0:0:1 - - [10/Jan/2023:11:13:45 +0900] "GET /pro17/test01/listMembers.jsp HTTP/1.1" 200 634
0:0:0:0:0:0:0:1 - - [10/Jan/2023:11:14:12 +0900] "GET /pro17/mem.do HTTP/1.1" 200 634
0:0:0:0:0:0:0:1 - - [10/Jan/2023:11:14:16 +0900] "GET /pro17/mem.do HTTP/1.1" 200 634
0:0:0:0:0:0:0:1 - - [10/Jan/2023:11:14:59 +0900] "GET /pro17//mem.do HTTP/1.1" 200 634
127.0.0.1 - - [10/Jan/2023:11:15:42 +0900] "GET / HTTP/1.1" 404 807
0:0:0:0:0:0:0:1 - - [10/Jan/2023:11:15:42 +0900] "GET /pro17/test01/listMembers.jsp HTTP/1.1" 200 634
0:0:0:0:0:0:0:1 - - [10/Jan/2023:11:15:48 +0900] "GET /pro17/mem.do HTTP/1.1" 200 634
0:0:0:0:0:0:0:1 - - [10/Jan/2023:11:16:32 +0900] "GET /pro17/test01/listMembers.jsp HTTP/1.1" 200 692
0:0:0:0:0:0:0:1 - - [10/Jan/2023:11:16:46 +0900] "GET /pro17/test01/listMembers.jsp HTTP/1.1" 200 692
0:0:0:0:0:0:0:1 - - [10/Jan/2023:11:16:46 +0900] "GET /pro17/test01/listMembers.jsp HTTP/1.1" 200 692
0:0:0:0:0:0:0:1 - - [10/Jan/2023:11:16:47 +0900] "GET /pro17/test01/listMembers.jsp HTTP/1.1" 200 692
0:0:0:0:0:0:0:1 - - [10/Jan/2023:11:16:50 +0900] "GET /pro17/test01/listMembers.jsp HTTP/1.1" 200 692
0:0:0:0:0:0:0:1 - - [10/Jan/2023:11:18:14 +0900] "GET /pro17/test01/listMembers.jsp HTTP/1.1" 200 634
127.0.0.1 - - [10/Jan/2023:11:18:28 +0900] "GET / HTTP/1.1" 404 807
0:0:0:0:0:0:0:1 - - [10/Jan/2023:11:18:29 +0900] "GET /pro17/test01/listMembers.jsp HTTP/1.1" 200 634
0:0:0:0:0:0:0:1 - - [10/Jan/2023:11:18:37 +0900] "GET /pro17/mem.do HTTP/1.1" 200 634
0:0:0:0:0:0:0:1 - - [10/Jan/2023:11:21:54 +0900] "GET /pro17/mem.do HTTP/1.1" 200 634
127.0.0.1 - - [10/Jan/2023:11:23:30 +0900] "GET / HTTP/1.1" 404 807
0:0:0:0:0:0:0:1 - - [10/Jan/2023:11:23:30 +0900] "GET /pro17/mem.do HTTP/1.1" 200 634
127.0.0.1 - - [10/Jan/2023:11:25:08 +0900] "GET / HTTP/1.1" 404 807
0:0:0:0:0:0:0:1 - - [10/Jan/2023:11:25:09 +0900] "GET /pro17/mem.do HTTP/1.1" 200 634
127.0.0.1 - - [10/Jan/2023:11:27:08 +0900] "GET / HTTP/1.1" 404 807
0:0:0:0:0:0:0:1 - - [10/Jan/2023:11:27:09 +0900] "GET /pro17/mem.do HTTP/1.1" 200 634
0:0:0:0:0:0:0:1 - - [10/Jan/2023:11:27:21 +0900] "GET /pro17/mem.do HTTP/1.1" 200 634
127.0.0.1 - - [10/Jan/2023:11:27:30 +0900] "GET / HTTP/1.1" 404 807
0:0:0:0:0:0:0:1 - - [10/Jan/2023:11:27:30 +0900] "GET /pro17/mem.do HTTP/1.1" 200 519
127.0.0.1 - - [10/Jan/2023:11:28:00 +0900] "GET / HTTP/1.1" 404 807
0:0:0:0:0:0:0:1 - - [10/Jan/2023:11:28:00 +0900] "GET /pro17/mem.do HTTP/1.1" 200 634
127.0.0.1 - - [10/Jan/2023:11:29:04 +0900] "GET / HTTP/1.1" 404 807
0:0:0:0:0:0:0:1 - - [10/Jan/2023:11:29:05 +0900] "GET /pro17/mem.do HTTP/1.1" 200 634
0:0:0:0:0:0:0:1 - - [10/Jan/2023:11:29:38 +0900] "GET /pro17/mem.do HTTP/1.1" 200 2838
127.0.0.1 - - [10/Jan/2023:11:37:12 +0900] "GET / HTTP/1.1" 404 807
0:0:0:0:0:0:0:1 - - [10/Jan/2023:11:37:12 +0900] "GET /pro17/mem.do HTTP/1.1" 200 2838
0:0:0:0:0:0:0:1 - - [10/Jan/2023:11:38:43 +0900] "GET /pro17/mem.do HTTP/1.1" 200 2891
0:0:0:0:0:0:0:1 - - [10/Jan/2023:11:38:54 +0900] "GET /pro17/test01/listMembers.jsp HTTP/1.1" 200 687
0:0:0:0:0:0:0:1 - - [10/Jan/2023:11:39:00 +0900] "GET /pro17/mem.do HTTP/1.1" 200 2891
0:0:0:0:0:0:0:1 - - [10/Jan/2023:11:39:22 +0900] "GET /pro17/mem.do HTTP/1.1" 200 2891
0:0:0:0:0:0:0:1 - - [10/Jan/2023:11:39:24 +0900] "GET /pro17/mem.do HTTP/1.1" 200 2891
0:0:0:0:0:0:0:1 - - [10/Jan/2023:11:39:39 +0900] "GET /pro17/mem.do HTTP/1.1" 200 2926
0:0:0:0:0:0:0:1 - - [10/Jan/2023:11:40:16 +0900] "GET /pro17/mem.do HTTP/1.1" 200 2941
0:0:0:0:0:0:0:1 - - [10/Jan/2023:11:40:17 +0900] "GET /pro17/mem.do HTTP/1.1" 200 2941
0:0:0:0:0:0:0:1 - - [10/Jan/2023:11:40:17 +0900] "GET /pro17/mem.do HTTP/1.1" 200 2941
0:0:0:0:0:0:0:1 - - [10/Jan/2023:11:40:56 +0900] "GET /pro17/mem.do HTTP/1.1" 200 2891
0:0:0:0:0:0:0:1 - - [10/Jan/2023:11:41:46 +0900] "GET /pro17/mem.do HTTP/1.1" 200 2891
127.0.0.1 - - [10/Jan/2023:15:19:32 +0900] "GET / HTTP/1.1" 404 807
0:0:0:0:0:0:0:1 - - [10/Jan/2023:15:19:33 +0900] "GET /pro17/test02/listMembers2.jsp HTTP/1.1" 200 543
0:0:0:0:0:0:0:1 - - [10/Jan/2023:15:20:26 +0900] "GET /pro17/member/memberForm.do HTTP/1.1" 404 841
127.0.0.1 - - [10/Jan/2023:15:22:09 +0900] "GET / HTTP/1.1" 404 807
0:0:0:0:0:0:0:1 - - [10/Jan/2023:15:22:09 +0900] "GET /pro17/test02/listMembers2.jsp HTTP/1.1" 200 543
0:0:0:0:0:0:0:1 - - [10/Jan/2023:15:22:12 +0900] "GET /pro17/member/memberForm.do HTTP/1.1" 200 895
0:0:0:0:0:0:0:1 - - [10/Jan/2023:15:22:25 +0900] "POST /pro17/member/addMember.do HTTP/1.1" 404 818
0:0:0:0:0:0:0:1 - - [10/Jan/2023:15:23:01 +0900] "POST /pro17/member/addMember.do HTTP/1.1" 404 818
0:0:0:0:0:0:0:1 - - [10/Jan/2023:15:23:06 +0900] "POST /pro17/member/addMember.do HTTP/1.1" 404 818
0:0:0:0:0:0:0:1 - - [10/Jan/2023:15:23:07 +0900] "GET /pro17/member/memberForm.do HTTP/1.1" 200 895
0:0:0:0:0:0:0:1 - - [10/Jan/2023:15:23:08 +0900] "POST /pro17/member/addMember.do HTTP/1.1" 404 818
0:0:0:0:0:0:0:1 - - [10/Jan/2023:15:23:42 +0900] "POST /pro17/member/addMember.do HTTP/1.1" 404 818
127.0.0.1 - - [10/Jan/2023:15:24:09 +0900] "GET / HTTP/1.1" 404 807
0:0:0:0:0:0:0:1 - - [10/Jan/2023:15:24:10 +0900] "GET /pro17/test02/listMembers2.jsp HTTP/1.1" 200 543
0:0:0:0:0:0:0:1 - - [10/Jan/2023:15:24:11 +0900] "GET /pro17/member/memberForm.do HTTP/1.1" 200 895
0:0:0:0:0:0:0:1 - - [10/Jan/2023:15:24:17 +0900] "POST /pro17/member/addMember.do HTTP/1.1" 404 818
127.0.0.1 - - [10/Jan/2023:15:32:48 +0900] "GET / HTTP/1.1" 404 807
0:0:0:0:0:0:0:1 - - [10/Jan/2023:15:32:49 +0900] "GET /pro17/test02/listMembers2.jsp HTTP/1.1" 200 597
0:0:0:0:0:0:0:1 - - [10/Jan/2023:15:32:54 +0900] "GET /pro17/member/memberForm.do HTTP/1.1" 200 895
0:0:0:0:0:0:0:1 - - [10/Jan/2023:15:33:01 +0900] "POST /pro17/member/addMember.do HTTP/1.1" 404 818
0:0:0:0:0:0:0:1 - - [10/Jan/2023:15:34:55 +0900] "POST /pro17/member/addMember.do HTTP/1.1" 404 818
0:0:0:0:0:0:0:1 - - [10/Jan/2023:15:35:39 +0900] "POST /pro17/member/addMember.do HTTP/1.1" 200 2143
0:0:0:0:0:0:0:1 - - [10/Jan/2023:15:35:45 +0900] "GET /pro17/member/memberForm.do HTTP/1.1" 404 818
0:0:0:0:0:0:0:1 - - [10/Jan/2023:15:35:58 +0900] "GET /pro17/member/memberForm.do HTTP/1.1" 404 818
127.0.0.1 - - [10/Jan/2023:15:36:07 +0900] "GET / HTTP/1.1" 404 807
0:0:0:0:0:0:0:1 - - [10/Jan/2023:15:36:08 +0900] "GET /pro17/test02/listMembers2.jsp HTTP/1.1" 200 597
0:0:0:0:0:0:0:1 - - [10/Jan/2023:15:39:11 +0900] "GET /pro17/test02/memberForm.jsp HTTP/1.1" 200 895
0:0:0:0:0:0:0:1 - - [10/Jan/2023:15:39:19 +0900] "POST /pro17/member/addMember.do HTTP/1.1" 200 2143
0:0:0:0:0:0:0:1 - - [10/Jan/2023:15:39:39 +0900] "GET /pro17/member/memberForm.do HTTP/1.1" 200 895
0:0:0:0:0:0:0:1 - - [10/Jan/2023:15:41:02 +0900] "POST /pro17/member/addMember.do HTTP/1.1" 200 2143
0:0:0:0:0:0:0:1 - - [10/Jan/2023:15:41:36 +0900] "GET /pro17/member/* HTTP/1.1" 200 2143
0:0:0:0:0:0:0:1 - - [10/Jan/2023:15:41:37 +0900] "GET /pro17/member/memberForm.do HTTP/1.1" 200 895
0:0:0:0:0:0:0:1 - - [10/Jan/2023:15:41:43 +0900] "POST /pro17/member/addMember.do HTTP/1.1" 200 2143
0:0:0:0:0:0:0:1 - - [10/Jan/2023:15:41:55 +0900] "GET /pro17/member/memberForm.do HTTP/1.1" 200 895
127.0.0.1 - - [10/Jan/2023:15:42:35 +0900] "GET / HTTP/1.1" 404 807
0:0:0:0:0:0:0:1 - - [10/Jan/2023:15:42:36 +0900] "GET /pro17/member/* HTTP/1.1" 200 2143
0:0:0:0:0:0:0:1 - - [10/Jan/2023:15:42:38 +0900] "GET /pro17/member/memberForm.do HTTP/1.1" 200 895
0:0:0:0:0:0:0:1 - - [10/Jan/2023:15:42:43 +0900] "POST /pro17/member/addMember.do HTTP/1.1" 200 2143
127.0.0.1 - - [10/Jan/2023:15:43:08 +0900] "GET / HTTP/1.1" 404 807
0:0:0:0:0:0:0:1 - - [10/Jan/2023:15:43:09 +0900] "GET /pro17/member2/* HTTP/1.1" 200 2144
0:0:0:0:0:0:0:1 - - [10/Jan/2023:15:43:11 +0900] "GET /pro17/member2/memberForm.do HTTP/1.1" 200 896
0:0:0:0:0:0:0:1 - - [10/Jan/2023:15:43:15 +0900] "POST /pro17/member2/addMember.do HTTP/1.1" 200 2144
0:0:0:0:0:0:0:1 - - [10/Jan/2023:15:44:34 +0900] "GET /pro17/member2/memberForm.do HTTP/1.1" 200 896
0:0:0:0:0:0:0:1 - - [10/Jan/2023:15:44:39 +0900] "POST /pro17/member2/addMember.do HTTP/1.1" 200 2144
0:0:0:0:0:0:0:1 - - [10/Jan/2023:15:44:41 +0900] "GET /pro17/member2/memberForm.do HTTP/1.1" 200 896
0:0:0:0:0:0:0:1 - - [10/Jan/2023:15:44:42 +0900] "GET /pro17/member2/memberForm.do HTTP/1.1" 200 896
0:0:0:0:0:0:0:1 - - [10/Jan/2023:15:44:43 +0900] "GET /pro17/member2/memberForm.do HTTP/1.1" 200 896
0:0:0:0:0:0:0:1 - - [10/Jan/2023:15:44:43 +0900] "GET /pro17/member2/memberForm.do HTTP/1.1" 200 896
0:0:0:0:0:0:0:1 - - [10/Jan/2023:15:44:43 +0900] "GET /pro17/member2/memberForm.do HTTP/1.1" 200 896
127.0.0.1 - - [10/Jan/2023:15:44:50 +0900] "GET / HTTP/1.1" 404 807
0:0:0:0:0:0:0:1 - - [10/Jan/2023:15:44:50 +0900] "GET /pro17/member2/* HTTP/1.1" 200 2144
0:0:0:0:0:0:0:1 - - [10/Jan/2023:15:44:54 +0900] "GET /pro17/member2/memberForm.do HTTP/1.1" 200 896
0:0:0:0:0:0:0:1 - - [10/Jan/2023:15:45:00 +0900] "POST /pro17/member2/addMember.do HTTP/1.1" 200 2144
127.0.0.1 - - [10/Jan/2023:15:52:18 +0900] "GET / HTTP/1.1" 404 807
0:0:0:0:0:0:0:1 - - [10/Jan/2023:15:52:19 +0900] "GET /pro17/member2/* HTTP/1.1" 200 2144
0:0:0:0:0:0:0:1 - - [10/Jan/2023:15:52:21 +0900] "GET /pro17/member2/memberForm.do HTTP/1.1" 200 896
0:0:0:0:0:0:0:1 - - [10/Jan/2023:15:52:26 +0900] "POST /pro17/member2/addMember.do HTTP/1.1" 200 2144
0:0:0:0:0:0:0:1 - - [10/Jan/2023:15:52:32 +0900] "POST /pro17/member2/addMember.do HTTP/1.1" 200 2144
0:0:0:0:0:0:0:1 - - [10/Jan/2023:15:52:33 +0900] "GET /pro17/member2/memberForm.do HTTP/1.1" 200 896
0:0:0:0:0:0:0:1 - - [10/Jan/2023:15:52:40 +0900] "POST /pro17/member2/addMember.do HTTP/1.1" 200 2144
127.0.0.1 - - [10/Jan/2023:15:55:43 +0900] "GET / HTTP/1.1" 404 807
0:0:0:0:0:0:0:1 - - [10/Jan/2023:15:55:44 +0900] "GET /pro17/member2/* HTTP/1.1" 200 2144
0:0:0:0:0:0:0:1 - - [10/Jan/2023:15:55:45 +0900] "GET /pro17/member2/memberForm.do HTTP/1.1" 200 896
0:0:0:0:0:0:0:1 - - [10/Jan/2023:15:55:52 +0900] "POST /pro17/member2/addMember.do HTTP/1.1" 200 2144
0:0:0:0:0:0:0:1 - - [10/Jan/2023:15:56:25 +0900] "POST /pro17/member2/addMember.do HTTP/1.1" 200 2144
0:0:0:0:0:0:0:1 - - [10/Jan/2023:15:56:26 +0900] "GET /pro17/member2/memberForm.do HTTP/1.1" 200 896
0:0:0:0:0:0:0:1 - - [10/Jan/2023:15:56:36 +0900] "GET /pro17/member2/* HTTP/1.1" 200 2144
127.0.0.1 - - [10/Jan/2023:16:00:54 +0900] "GET / HTTP/1.1" 404 807
0:0:0:0:0:0:0:1 - - [10/Jan/2023:16:00:55 +0900] "GET /pro17/member2/* HTTP/1.1" 200 2285
0:0:0:0:0:0:0:1 - - [10/Jan/2023:16:00:58 +0900] "GET /pro17/member2/memberForm.do HTTP/1.1" 200 896
0:0:0:0:0:0:0:1 - - [10/Jan/2023:16:01:05 +0900] "POST /pro17/member2/addMember.do HTTP/1.1" 200 2285
127.0.0.1 - - [10/Jan/2023:16:04:48 +0900] "GET / HTTP/1.1" 404 807
0:0:0:0:0:0:0:1 - - [10/Jan/2023:16:04:49 +0900] "GET /pro17/member2/* HTTP/1.1" 200 2285
0:0:0:0:0:0:0:1 - - [10/Jan/2023:16:04:49 +0900] "GET /favicon.ico HTTP/1.1" 404 818
0:0:0:0:0:0:0:1 - - [10/Jan/2023:16:04:51 +0900] "GET /pro17/member2/memberForm.do HTTP/1.1" 200 896
0:0:0:0:0:0:0:1 - - [10/Jan/2023:16:04:57 +0900] "POST /pro17/member2/addMember.do HTTP/1.1" 200 2285
127.0.0.1 - - [10/Jan/2023:16:06:05 +0900] "GET / HTTP/1.1" 404 807
0:0:0:0:0:0:0:1 - - [10/Jan/2023:16:06:06 +0900] "GET /pro17/member2/* HTTP/1.1" 200 2285
0:0:0:0:0:0:0:1 - - [10/Jan/2023:16:06:07 +0900] "GET /pro17/member2/memberForm.do HTTP/1.1" 200 896
0:0:0:0:0:0:0:1 - - [10/Jan/2023:16:06:13 +0900] "POST /pro17/member2/addMember.do HTTP/1.1" 200 2285
127.0.0.1 - - [10/Jan/2023:16:07:18 +0900] "GET / HTTP/1.1" 404 807
0:0:0:0:0:0:0:1 - - [10/Jan/2023:16:07:20 +0900] "GET /pro17/member2/* HTTP/1.1" 200 2285
0:0:0:0:0:0:0:1 - - [10/Jan/2023:16:07:32 +0900] "GET /pro17/member2/memberForm.do HTTP/1.1" 200 896
0:0:0:0:0:0:0:1 - - [10/Jan/2023:16:07:41 +0900] "POST /pro17/member2/addMember.do HTTP/1.1" 200 2285
127.0.0.1 - - [10/Jan/2023:16:09:56 +0900] "GET / HTTP/1.1" 404 807
0:0:0:0:0:0:0:1 - - [10/Jan/2023:16:09:56 +0900] "GET /pro17/member2/* HTTP/1.1" 500 2251
127.0.0.1 - - [10/Jan/2023:16:10:24 +0900] "GET / HTTP/1.1" 404 807
0:0:0:0:0:0:0:1 - - [10/Jan/2023:16:10:25 +0900] "GET /pro17/member2/* HTTP/1.1" 500 2251
127.0.0.1 - - [10/Jan/2023:16:10:49 +0900] "GET / HTTP/1.1" 404 807
0:0:0:0:0:0:0:1 - - [10/Jan/2023:16:10:50 +0900] "GET /pro17/member2/* HTTP/1.1" 500 2251
127.0.0.1 - - [10/Jan/2023:16:13:26 +0900] "GET / HTTP/1.1" 404 807
0:0:0:0:0:0:0:1 - - [10/Jan/2023:16:13:26 +0900] "GET /pro17/member/* HTTP/1.1" 500 2251
127.0.0.1 - - [10/Jan/2023:16:15:19 +0900] "GET / HTTP/1.1" 404 807
0:0:0:0:0:0:0:1 - - [10/Jan/2023:16:15:20 +0900] "GET /pro17/member/* HTTP/1.1" 500 2251
127.0.0.1 - - [10/Jan/2023:16:16:19 +0900] "GET / HTTP/1.1" 404 807
0:0:0:0:0:0:0:1 - - [10/Jan/2023:16:16:20 +0900] "GET /pro17/member/* HTTP/1.1" 500 2251
0:0:0:0:0:0:0:1 - - [10/Jan/2023:16:16:20 +0900] "GET /favicon.ico HTTP/1.1" 404 818
127.0.0.1 - - [10/Jan/2023:16:17:24 +0900] "GET / HTTP/1.1" 404 807
0:0:0:0:0:0:0:1 - - [10/Jan/2023:16:17:24 +0900] "GET /pro17/member/* HTTP/1.1" 500 2251
127.0.0.1 - - [10/Jan/2023:16:19:13 +0900] "GET / HTTP/1.1" 404 807
0:0:0:0:0:0:0:1 - - [10/Jan/2023:16:19:14 +0900] "GET /pro17/member/* HTTP/1.1" 500 2251
127.0.0.1 - - [10/Jan/2023:16:19:49 +0900] "GET / HTTP/1.1" 404 807
0:0:0:0:0:0:0:1 - - [10/Jan/2023:16:19:50 +0900] "GET /pro17/member/* HTTP/1.1" 200 2284
0:0:0:0:0:0:0:1 - - [10/Jan/2023:16:19:50 +0900] "GET /favicon.ico HTTP/1.1" 404 818
0:0:0:0:0:0:0:1 - - [10/Jan/2023:16:19:52 +0900] "GET /pro17/member/memberForm.do HTTP/1.1" 200 895
0:0:0:0:0:0:0:1 - - [10/Jan/2023:16:20:00 +0900] "POST /pro17/member/addMember.do HTTP/1.1" 200 2424
0:0:0:0:0:0:0:1 - - [10/Jan/2023:17:11:06 +0900] "GET /pro17/member/memberForm.do HTTP/1.1" 200 895
0:0:0:0:0:0:0:1 - - [10/Jan/2023:17:12:40 +0900] "GET /pro17/member/* HTTP/1.1" 200 2418
